// Jest Snapshot v1, https://goo.gl/fbAQLP

exports[`<ThemedText /> snapshot 1`] = `
<Text
  style={
    [
      {
        "fontSize": 16,
        "fontWeight": "400",
      },
      undefined,
      undefined,
      undefined,
      undefined,
    ]
  }
>
  Rabbit
</Text>
`;
