// Jest Snapshot v1, https://goo.gl/fbAQLP

exports[`<CustomerList /> snapshot 1`] = `
<View>
  <Text
    style={
      [
        undefined,
        {
          "fontSize": 22,
          "fontWeight": "500",
        },
        undefined,
        undefined,
        undefined,
      ]
    }
  >
    Admin
     Users
  </Text>
  <RCTScrollView
    ListEmptyComponent={[Function]}
    data={
      [
        {
          "id": "1",
          "name": "John Doe",
          "role": "ADMIN",
        },
        {
          "id": "2",
          "name": "Jane Smith",
          "role": "ADMIN",
        },
      ]
    }
    getItem={[Function]}
    getItemCount={[Function]}
    keyExtractor={[Function]}
    onContentSizeChange={[Function]}
    onLayout={[Function]}
    onMomentumScrollBegin={[Function]}
    onMomentumScrollEnd={[Function]}
    onScroll={[Function]}
    onScrollBeginDrag={[Function]}
    onScrollEndDrag={[Function]}
    refreshControl={
      <RefreshControlMock
        onRefresh={[Function]}
        refreshing={false}
      />
    }
    removeClippedSubviews={false}
    renderItem={[Function]}
    scrollEventThrottle={0.0001}
    stickyHeaderIndices={[]}
    style={
      {
        "marginVertical": 20,
      }
    }
    viewabilityConfigCallbackPairs={[]}
  >
    <RCTRefreshControl />
    <View>
      <View
        onFocusCapture={[Function]}
        onLayout={[Function]}
        style={null}
      >
        <View
          style={
            {
              "flexDirection": "row",
              "marginVertical": 10,
            }
          }
        >
          <View
            style={
              {
                "alignItems": "center",
                "backgroundColor": "#e8f2fb",
                "borderRadius": 8,
                "height": 40,
                "justifyContent": "center",
                "width": 40,
              }
            }
          >
            <Text
              style={
                {
                  "color": "#0370ce",
                  "fontSize": 18,
                  "fontStyle": "normal",
                  "fontWeight": 800,
                }
              }
            >
              J
            </Text>
          </View>
          <View
            style={
              {
                "justifyContent": "space-between",
                "marginLeft": 10,
              }
            }
          >
            <Text
              style={
                [
                  undefined,
                  undefined,
                  {
                    "fontSize": 16,
                    "fontWeight": "400",
                  },
                  undefined,
                  undefined,
                ]
              }
            >
              John Doe
            </Text>
            <Text
              style={
                [
                  undefined,
                  undefined,
                  undefined,
                  {
                    "fontSize": 12,
                    "fontWeight": "300",
                  },
                  undefined,
                ]
              }
            >
              Admin
            </Text>
          </View>
        </View>
      </View>
      <View
        onFocusCapture={[Function]}
        onLayout={[Function]}
        style={null}
      >
        <View
          style={
            {
              "flexDirection": "row",
              "marginVertical": 10,
            }
          }
        >
          <View
            style={
              {
                "alignItems": "center",
                "backgroundColor": "#e8f2fb",
                "borderRadius": 8,
                "height": 40,
                "justifyContent": "center",
                "width": 40,
              }
            }
          >
            <Text
              style={
                {
                  "color": "#0370ce",
                  "fontSize": 18,
                  "fontStyle": "normal",
                  "fontWeight": 800,
                }
              }
            >
              J
            </Text>
          </View>
          <View
            style={
              {
                "justifyContent": "space-between",
                "marginLeft": 10,
              }
            }
          >
            <Text
              style={
                [
                  undefined,
                  undefined,
                  {
                    "fontSize": 16,
                    "fontWeight": "400",
                  },
                  undefined,
                  undefined,
                ]
              }
            >
              Jane Smith
            </Text>
            <Text
              style={
                [
                  undefined,
                  undefined,
                  undefined,
                  {
                    "fontSize": 12,
                    "fontWeight": "300",
                  },
                  undefined,
                ]
              }
            >
              Admin
            </Text>
          </View>
        </View>
      </View>
    </View>
  </RCTScrollView>
  <View
    style={
      {
        "borderBottomColor": "grey",
        "borderBottomWidth": 0.5,
        "marginVertical": 16,
      }
    }
  />
</View>
`;
