// Jest Snapshot v1, https://goo.gl/fbAQLP

exports[`<ListItem /> snapshot 1`] = `
<View
  style={
    {
      "flexDirection": "row",
      "marginVertical": 10,
    }
  }
>
  <View
    style={
      {
        "alignItems": "center",
        "backgroundColor": "#e8f2fb",
        "borderRadius": 8,
        "height": 40,
        "justifyContent": "center",
        "width": 40,
      }
    }
  >
    <Text
      style={
        {
          "color": "#0370ce",
          "fontSize": 18,
          "fontStyle": "normal",
          "fontWeight": 800,
        }
      }
    >
      D
    </Text>
  </View>
  <View
    style={
      {
        "justifyContent": "space-between",
        "marginLeft": 10,
      }
    }
  >
    <Text
      style={
        [
          undefined,
          undefined,
          {
            "fontSize": 16,
            "fontWeight": "400",
          },
          undefined,
          undefined,
        ]
      }
    >
      David Miller
    </Text>
    <Text
      style={
        [
          undefined,
          undefined,
          undefined,
          {
            "fontSize": 12,
            "fontWeight": "300",
          },
          undefined,
        ]
      }
    >
      Admin
    </Text>
  </View>
</View>
`;
