// Jest Snapshot v1, https://goo.gl/fbAQLP

exports[`<UserTypes /> snapshot 1`] = `
<View>
  <Text
    style={
      [
        undefined,
        {
          "fontSize": 22,
          "fontWeight": "500",
        },
        undefined,
        undefined,
        undefined,
      ]
    }
  >
    User Types
  </Text>
  <View
    style={
      {
        "marginVertical": 20,
      }
    }
  >
    <View
      accessibilityState={
        {
          "busy": undefined,
          "checked": undefined,
          "disabled": undefined,
          "expanded": undefined,
          "selected": undefined,
        }
      }
      accessibilityValue={
        {
          "max": undefined,
          "min": undefined,
          "now": undefined,
          "text": undefined,
        }
      }
      accessible={true}
      collapsable={false}
      focusable={true}
      onClick={[Function]}
      onResponderGrant={[Function]}
      onResponderMove={[Function]}
      onResponderRelease={[Function]}
      onResponderTerminate={[Function]}
      onResponderTerminationRequest={[Function]}
      onStartShouldSetResponder={[Function]}
      style={
        {
          "alignItems": "center",
          "backgroundColor": "#e8f2fb",
          "borderRadius": 8,
          "flexDirection": "row",
          "opacity": 1,
          "paddingVertical": 12,
        }
      }
      testID="user-type-item"
    >
      <Text
        allowFontScaling={false}
        selectable={false}
        style={
          [
            {
              "color": "#0370ce",
              "fontSize": 24,
            },
            {
              "marginHorizontal": 10,
            },
            {
              "fontFamily": "material",
              "fontStyle": "normal",
              "fontWeight": "normal",
            },
            {},
          ]
        }
      >
        
      </Text>
      <Text
        style={
          [
            {
              "fontSize": 16,
              "fontWeight": "400",
            },
            undefined,
            undefined,
            undefined,
            undefined,
          ]
        }
      >
        Admin
      </Text>
    </View>
    <View
      accessibilityState={
        {
          "busy": undefined,
          "checked": undefined,
          "disabled": undefined,
          "expanded": undefined,
          "selected": undefined,
        }
      }
      accessibilityValue={
        {
          "max": undefined,
          "min": undefined,
          "now": undefined,
          "text": undefined,
        }
      }
      accessible={true}
      collapsable={false}
      focusable={true}
      onClick={[Function]}
      onResponderGrant={[Function]}
      onResponderMove={[Function]}
      onResponderRelease={[Function]}
      onResponderTerminate={[Function]}
      onResponderTerminationRequest={[Function]}
      onStartShouldSetResponder={[Function]}
      style={
        {
          "alignItems": "center",
          "backgroundColor": "#fff",
          "borderRadius": 8,
          "flexDirection": "row",
          "opacity": 1,
          "paddingVertical": 12,
        }
      }
      testID="user-type-item"
    >
      <Text
        allowFontScaling={false}
        selectable={false}
        style={
          [
            {
              "color": "#0370ce",
              "fontSize": 24,
            },
            {
              "marginHorizontal": 10,
            },
            {
              "fontFamily": "material",
              "fontStyle": "normal",
              "fontWeight": "normal",
            },
            {},
          ]
        }
      >
        
      </Text>
      <Text
        style={
          [
            {
              "fontSize": 16,
              "fontWeight": "400",
            },
            undefined,
            undefined,
            undefined,
            undefined,
          ]
        }
      >
        Manager
      </Text>
    </View>
  </View>
  <View
    style={
      {
        "borderBottomColor": "grey",
        "borderBottomWidth": 0.5,
        "marginVertical": 16,
      }
    }
  />
</View>
`;
